2026-07-16_15:57:02|051|postgresql.region|5|00:00:00.011
2026-07-16_15:57:02|052|postgresql.nation|25|00:00:00.012
2026-07-16_15:57:21|053|postgresql.customer|937500|00:00:18.18098
2026-07-16_15:57:46|053|postgresql.customer|937500|00:00:43.43591
2026-07-16_15:57:46|053|postgresql.customer|937500|00:00:43.43629
2026-07-16_15:57:46|053|postgresql.customer|937500|00:00:43.43731
2026-07-16_15:57:46|053|postgresql.customer|937500|00:00:43.43732
2026-07-16_15:57:46|053|postgresql.customer|937500|00:00:43.43732
2026-07-16_15:57:46|053|postgresql.customer|937500|00:00:43.43842
2026-07-16_15:57:46|053|postgresql.customer|937500|00:00:43.43896
2026-07-16_15:57:46|053|postgresql.customer|937500|00:00:43.43993
2026-07-16_15:57:46|053|postgresql.customer|937500|00:00:44.44026
2026-07-16_15:57:47|053|postgresql.customer|937500|00:00:44.44058
2026-07-16_15:57:47|053|postgresql.customer|937500|00:00:44.44078
2026-07-16_15:57:47|053|postgresql.customer|937500|00:00:44.44084
2026-07-16_15:57:47|053|postgresql.customer|937500|00:00:44.44101
2026-07-16_15:57:47|053|postgresql.customer|937500|00:00:44.44175
2026-07-16_15:57:47|053|postgresql.customer|937500|00:00:44.44198
2026-07-16_15:58:00|054|postgresql.part|1250000|00:00:13.13236
2026-07-16_15:58:14|054|postgresql.part|1250000|00:00:27.27009
2026-07-16_15:58:14|054|postgresql.part|1250000|00:00:27.27070
2026-07-16_15:58:15|054|postgresql.part|1250000|00:00:28.28418
2026-07-16_15:58:16|054|postgresql.part|1250000|00:00:29.29070
2026-07-16_15:58:16|054|postgresql.part|1250000|00:00:29.29090
2026-07-16_15:58:16|054|postgresql.part|1250000|00:00:29.29180
2026-07-16_15:58:16|054|postgresql.part|1250000|00:00:29.29187
2026-07-16_15:58:16|054|postgresql.part|1250000|00:00:29.29202
2026-07-16_15:58:16|054|postgresql.part|1250000|00:00:29.29196
2026-07-16_15:58:16|054|postgresql.part|1250000|00:00:29.29207
2026-07-16_15:58:16|054|postgresql.part|1250000|00:00:29.29220
2026-07-16_15:58:16|054|postgresql.part|1250000|00:00:29.29230
2026-07-16_15:58:16|054|postgresql.part|1250000|00:00:29.29235
2026-07-16_15:58:16|054|postgresql.part|1250000|00:00:29.29264
2026-07-16_15:58:16|054|postgresql.part|1250000|00:00:29.29273
2026-07-16_15:58:17|055|postgresql.supplier|62500|00:00:01.1356
2026-07-16_15:58:19|055|postgresql.supplier|62500|00:00:02.2659
2026-07-16_15:58:19|055|postgresql.supplier|62500|00:00:02.2660
2026-07-16_15:58:19|055|postgresql.supplier|62500|00:00:02.2673
2026-07-16_15:58:19|055|postgresql.supplier|62500|00:00:02.2676
2026-07-16_15:58:19|055|postgresql.supplier|62500|00:00:02.2679
2026-07-16_15:58:19|055|postgresql.supplier|62500|00:00:02.2688
2026-07-16_15:58:19|055|postgresql.supplier|62500|00:00:02.2685
2026-07-16_15:58:19|055|postgresql.supplier|62500|00:00:02.2688
2026-07-16_15:58:19|055|postgresql.supplier|62500|00:00:02.2691
2026-07-16_15:58:19|055|postgresql.supplier|62500|00:00:02.2692
2026-07-16_15:58:19|055|postgresql.supplier|62500|00:00:02.2695
2026-07-16_15:58:19|055|postgresql.supplier|62500|00:00:02.2701
2026-07-16_15:58:19|055|postgresql.supplier|62500|00:00:02.2697
2026-07-16_15:58:19|055|postgresql.supplier|62500|00:00:02.2696
2026-07-16_15:58:19|055|postgresql.supplier|62500|00:00:02.2693
2026-07-16_16:02:00|056|postgresql.partsupp|5000000|00:03:41.221516
2026-07-16_16:02:29|056|postgresql.partsupp|5000000|00:04:10.250084
2026-07-16_16:02:29|056|postgresql.partsupp|5000000|00:04:10.250187
2026-07-16_16:02:29|056|postgresql.partsupp|5000000|00:04:10.250375
2026-07-16_16:02:29|056|postgresql.partsupp|5000000|00:04:10.250448
2026-07-16_16:02:29|056|postgresql.partsupp|5000000|00:04:10.250480
2026-07-16_16:02:29|056|postgresql.partsupp|5000000|00:04:10.250527
2026-07-16_16:02:30|056|postgresql.partsupp|5000000|00:04:10.250978
2026-07-16_16:02:30|056|postgresql.partsupp|5000000|00:04:11.251170
2026-07-16_16:02:30|056|postgresql.partsupp|5000000|00:04:11.251179
2026-07-16_16:02:30|056|postgresql.partsupp|5000000|00:04:11.251550
2026-07-16_16:02:30|056|postgresql.partsupp|5000000|00:04:11.251559
2026-07-16_16:02:30|056|postgresql.partsupp|5000000|00:04:11.251677
2026-07-16_16:02:31|056|postgresql.partsupp|5000000|00:04:11.251822
2026-07-16_16:02:31|056|postgresql.partsupp|5000000|00:04:11.251887
2026-07-16_16:02:31|056|postgresql.partsupp|5000000|00:04:11.251935
2026-07-16_16:14:06|057|postgresql.orders|9375000|00:11:34.694973
2026-07-16_16:14:40|057|postgresql.orders|9375000|00:12:09.729175
2026-07-16_16:14:42|057|postgresql.orders|9375000|00:12:11.731605
2026-07-16_16:14:42|057|postgresql.orders|9375000|00:12:11.731745
2026-07-16_16:14:43|057|postgresql.orders|9375000|00:12:11.731888
2026-07-16_16:14:43|057|postgresql.orders|9375000|00:12:12.732057
2026-07-16_16:14:43|057|postgresql.orders|9375000|00:12:12.732092
2026-07-16_16:14:43|057|postgresql.orders|9375000|00:12:12.732434
2026-07-16_16:14:43|057|postgresql.orders|9375000|00:12:12.732513
2026-07-16_16:14:43|057|postgresql.orders|9375000|00:12:12.732572
2026-07-16_16:14:43|057|postgresql.orders|9375000|00:12:12.732590
2026-07-16_16:14:44|057|postgresql.orders|9375000|00:12:13.733118
2026-07-16_16:14:44|057|postgresql.orders|9375000|00:12:13.733232
2026-07-16_16:14:44|057|postgresql.orders|9375000|00:12:13.733474
2026-07-16_16:14:44|057|postgresql.orders|9375000|00:12:13.733748
2026-07-16_16:14:45|057|postgresql.orders|9375000|00:12:13.733947
